################################################################################
#                                                                              #
#      IAR Universal Linker V5.4.1.30                                          #
#                                                                              #
#           Link time     =  08/May/2014  22:54:14                             #
#           Target CPU    =  x51                                               #
#           List file     =  E:\Bluetooth\SerialCom\Projects\ble\util\BIM\cc25 #
#                            4x\CC254xF256\List\BIM.map                        #
#           Output file 1 =  E:\Bluetooth\SerialCom\Projects\ble\util\BIM\cc25 #
#                            4x\CC254xF256\Exe\BIM_CC254xF256.hex              #
#                            Format: intel-extended                            #
#           Output file 2 =  E:\Bluetooth\SerialCom\Projects\ble\util\BIM\cc25 #
#                            4x\CC254xF256\Exe\BIM.d51                         #
#                            Format: debug                                     #
#                            UBROF version 10.0.6                              #
#                            Using library modules for C-SPY (-rt)             #
#           Command line  =  -D_NR_OF_BANKS=0 -D_CODEBANK_END=0                #
#                            -D_CODEBANK_START=0                               #
#                            "-ID:\Program Files (x86)\IAR Systems\Embedded Wo #
#                            rkbench 6.4\8051\CONFIG\"                         #
#                            E:\Bluetooth\SerialCom\Projects\ble\util\BIM\cc25 #
#                            4x\CC254xF256\Obj\bim_ivec.r51                    #
#                            E:\Bluetooth\SerialCom\Projects\ble\util\BIM\cc25 #
#                            4x\CC254xF256\Obj\bim_main.r51                    #
#                            E:\Bluetooth\SerialCom\Projects\ble\util\BIM\cc25 #
#                            4x\CC254xF256\Obj\hal_flash.r51                   #
#                            -o                                                #
#                            E:\Bluetooth\SerialCom\Projects\ble\util\BIM\cc25 #
#                            4x\CC254xF256\Exe\BIM.d51                         #
#                            -l                                                #
#                            E:\Bluetooth\SerialCom\Projects\ble\util\BIM\cc25 #
#                            4x\CC254xF256\List\BIM.map                        #
#                            -xmsn                                             #
#                            -IE:\Bluetooth\SerialCom\Projects\ble\util\BIM\cc #
#                            254x\                                             #
#                            -f bim_cc254x.xcl (-D_XDATA_BEG=0x0000            #
#                            -D_XDATA_END=0x1EFF -D_IDATA_BEG=0x09             #
#                            -D_IDATA_END=0xFF -D_CODE_BEG=0x0000              #
#                            -D_CODE_END=0x07FF -D?REGISTER_BANK=0             #
#                            -D_REGISTER_BANK_BEG=0 -D?PBANK_NUMBER=00         #
#                            -D_BREG_BEG=0x00 -D?VB=0x20                       #
#                            -Z(BIT)BREG=_BREG_BEG -Z(BIT)BIT_N=0-7F           #
#                            -Z(DATA)REGISTERS+8=_REGISTER_BANK_BEG            #
#                            -Z(DATA)BDATA_Z,BDATA_N,BDATA_I=20-2F             #
#                            -Z(DATA)VREG+_NR_OF_VIRTUAL_REGISTERS=_IDATA_BEG- #
#                            7F                                                #
#                            -Z(DATA)PSP,XSP=_IDATA_BEG-7F                     #
#                            -Z(DATA)DOVERLAY=_IDATA_BEG-7F                    #
#                            -Z(DATA)DATA_I,DATA_Z,DATA_N=_IDATA_BEG-7F        #
#                            -U(IDATA)0-7F=(DATA)0-7F                          #
#                            -Z(IDATA)IDATA_I,IDATA_Z,IDATA_N=_IDATA_BEG-_IDAT #
#                            A_END                                             #
#                            -Z(IDATA)ISTACK+_IDATA_STACK_SIZE#_IDATA_BEG-_IDA #
#                            TA_END                                            #
#                            -Z(IDATA)IOVERLAY=_IDATA_BEG-FF                   #
#                            -Z(CODE)INTVEC=_CODE_BEG                          #
#                            -Z(CODE)BIT_ID,BDATA_ID,DATA_ID,IDATA_ID,IXDATA_I #
#                            D,PDATA_ID,XDATA_ID=_CODE_BEG-_CODE_END           #
#                            -Z(CODE)ALIGNED_CODE|2=_CODE_BEG-_CODE_END        #
#                            -P(CODE)CSTART,RCODE,DIFUNCT,NEAR_CODE=_CODE_BEG- #
#                            _CODE_END                                         #
#                            -Z(XDATA)XSTACK+_XDATA_STACK_SIZE=_XDATA_BEG-_XDA #
#                            TA_END                                            #
#                            -Z(XDATA)XDATA_Z,XDATA_I,PDATA_Z=_XDATA_BEG-_XDAT #
#                            A_END                                             #
#                            -P(XDATA)XDATA_N=_XDATA_BEG-_XDATA_END -cx51      #
#                            -HFFFF) -D_NR_OF_VIRTUAL_REGISTERS=10             #
#                            -D?PBANK=0x93 -e_large_write=_formatted_write     #
#                            -e_large_read=_formatted_read -rt                 #
#                            -Ointel-extended=E:\Bluetooth\SerialCom\Projects\ #
#                            ble\util\BIM\cc254x\CC254xF256\Exe\BIM_CC254xF256 #
#                            .hex                                              #
#                            -s __program_start                                #
#                            "D:\Program Files (x86)\IAR Systems\Embedded Work #
#                            bench 6.4\8051\LIB\CLIB\cl-pli-nlxd-1e16x01.r51"  #
#                            -D_IDATA_STACK_SIZE=0xC0                          #
#                            -D_EXTENDED_STACK_START=0x00                      #
#                            -D_EXTENDED_STACK_SIZE=0x00                       #
#                            -D_PDATA_STACK_SIZE=0x0                           #
#                            -D_XDATA_STACK_SIZE=0x180                         #
#                            -D_XDATA_HEAP_SIZE=0xFF -D_FAR_HEAP_SIZE=0xFFF    #
#                            -D_HUGE_HEAP_SIZE=0xFFF                           #
#                            -D_FAR22_HEAP_SIZE=0xFFF                          #
#                                                                              #
#                           Copyright (C) 1987-2012 IAR Systems AB.            #
################################################################################





                ****************************************
                *                                      *
                *           CROSS REFERENCE            *
                *                                      *
                ****************************************

       Program entry at : CODE      00000672  Relocatable, from module : CSTARTUP




                ****************************************
                *                                      *
                *            RUNTIME MODEL             *
                *                                      *
                ****************************************

  __SystemLibrary          = CLib
  __calling_convention     = xdata_reentrant
  __code_model             = near
  __core                   = plain
  __data_model             = large
  __dptr_size              = 16
  __extended_stack         = disabled
  __location_for_constants = data
  __number_of_dptrs        = 1
  __rt_version             = 1

                ****************************************
                *                                      *
                *    AUTOMATIC SYMBOL REDIRECTIONS     *
                *                                      *
                ****************************************

                  There are no automatic symbol redirections.



                ****************************************
                *                                      *
                *              MODULE MAP              *
                *                                      *
                ****************************************


  DEFINED ABSOLUTE ENTRIES
  PROGRAM MODULE, NAME : ?ABS_ENTRY_MOD

Absolute parts
           ENTRY                   ADDRESS         REF BY
           =====                   =======         ======
           _FAR22_HEAP_SIZE        00000FFF 
           _HUGE_HEAP_SIZE         00000FFF 
           _FAR_HEAP_SIZE          00000FFF 
           _XDATA_HEAP_SIZE        000000FF 
           _XDATA_STACK_SIZE       00000180 
           _PDATA_STACK_SIZE       00000000 
           _EXTENDED_STACK_SIZE    00000000 
           _EXTENDED_STACK_START   00000000 
           _IDATA_STACK_SIZE       000000C0 
           ?PBANK                  00000093 
           _NR_OF_VIRTUAL_REGISTERS
                                   00000010 
           ?VB                     00000020        ?FUNC_ENTER_XDATA (?FUNC_ENTER_XDATA)
                                                   ?FUNC_LEAVE_XDATA (?FUNC_LEAVE_XDATA)
           _BREG_BEG               00000000 
           ?PBANK_NUMBER           00000000 
           _REGISTER_BANK_BEG      00000000 
           ?REGISTER_BANK          00000000        Segment part 6 (CSTARTUP)
           _CODE_END               000007FF 
           _CODE_BEG               00000000 
           _IDATA_END              000000FF 
           _IDATA_BEG              00000009 
           _XDATA_END              00001EFF 
           _XDATA_BEG              00000000 
           _CODEBANK_START         00000000 
           _CODEBANK_END           00000000 
           _NR_OF_BANKS            00000000 
    *************************************************************************

  FILE NAME : E:\Bluetooth\SerialCom\Projects\ble\util\BIM\cc254x\CC254xF256\Obj\bim_ivec.r51
  PROGRAM MODULE, NAME : bim_ivec

  SEGMENTS IN THE MODULE
  ======================
INTVEC
  Common segment, address: CODE 00000000 - 00000090 (0x91 bytes), align: 0
  Segment part 0. ROOT.
    -------------------------------------------------------------------------
<CSTART,NEAR_CODE,RCODE> 1 (was RCODE)
  Relative segment, address: CODE 0000030A - 00000451 (0x148 bytes), align: 0
  Segment part 1. ROOT.       Intra module refs:   Absolute parts
                                                   Segment part 0
           ENTRY                   ADDRESS         REF BY
           =====                   =======         ======
           __ivec_03               0000030A 
           __ivec_0b               0000031C 
           __ivec_13               0000032E 
           __ivec_1b               00000340 
           __ivec_23               00000352 
           __ivec_2b               00000364 
           __ivec_33               00000376 
           __ivec_3b               00000388 
           __ivec_43               0000039A 
           __ivec_4b               000003AC 
           __ivec_53               000003BE 
           __ivec_5b               000003D0 
           __ivec_63               000003E2 
           __ivec_6b               000003F4 
           __ivec_73               00000406 
           __ivec_7b               00000418 
           __ivec_83               0000042A 
           __ivec_8b               0000043C 
           LOCAL                   ADDRESS         
           =====                   =======         
           __imgA_03               00000315 
           __imgA_0b               00000327 
           __imgA_13               00000339 
           __imgA_1b               0000034B 
           __imgA_23               0000035D 
           __imgA_2b               0000036F 
           __imgA_33               00000381 
           __imgA_3b               00000393 
           __imgA_43               000003A5 
           __imgA_4b               000003B7 
           __imgA_53               000003C9 
           __imgA_5b               000003DB 
           __imgA_63               000003ED 
           __imgA_6b               000003FF 
           __imgA_73               00000411 
           __imgA_7b               00000423 
           __imgA_83               00000435 
           __imgA_8b               00000447 
           __relay_err             0000044E 

    *************************************************************************

  FILE NAME : E:\Bluetooth\SerialCom\Projects\ble\util\BIM\cc254x\CC254xF256\Obj\bim_main.r51
  PROGRAM MODULE, NAME : bim_main

  SEGMENTS IN THE MODULE
  ======================
SFR_AN
  Relative segment, address: DATA 00000087 - 00000087 (0x1 bytes), align: 0
  Segment part 1. ROOT.       Intra module refs:   halSleepExec
           ENTRY                   ADDRESS         REF BY
           =====                   =======         ======
           PCON                    00000087 
    -------------------------------------------------------------------------
SFR_AN
  Relative segment, address: DATA 0000009D - 0000009D (0x1 bytes), align: 0
  Segment part 2. ROOT.       Intra module refs:   crcCheck
           ENTRY                   ADDRESS         REF BY
           =====                   =======         ======
           SLEEPSTA                0000009D 
    -------------------------------------------------------------------------
SFR_AN
  Relative segment, address: DATA 0000009E - 0000009E (0x1 bytes), align: 0
  Segment part 3. ROOT.       Intra module refs:   crcCheck
           ENTRY                   ADDRESS         REF BY
           =====                   =======         ======
           CLKCONSTA               0000009E 
    -------------------------------------------------------------------------
SFR_AN
  Relative segment, address: DATA 000000A8 - 000000A8 (0x1 bytes), align: 0
  Segment part 4. ROOT.       Intra module refs:   HalFlashRead (hal_flash)
                                                   crcCheck
                                                   main
           ENTRY                   ADDRESS         REF BY
           =====                   =======         ======
           _A_IEN0                 000000A8 
           LOCAL                   ADDRESS         
           =====                   =======         
           IEN0                    000000A8 
    -------------------------------------------------------------------------
SFR_AN
  Relative segment, address: DATA 000000B4 - 000000B4 (0x1 bytes), align: 0
  Segment part 5. ROOT.       Intra module refs:   crcCalc
           ENTRY                   ADDRESS         REF BY
           =====                   =======         ======
           ADCCON1                 000000B4 
    -------------------------------------------------------------------------
SFR_AN
  Relative segment, address: DATA 000000BC - 000000BC (0x1 bytes), align: 0
  Segment part 6. ROOT.       Intra module refs:   crcCalc
           ENTRY                   ADDRESS         REF BY
           =====                   =======         ======
           RNDL                    000000BC 
    -------------------------------------------------------------------------
SFR_AN
  Relative segment, address: DATA 000000BD - 000000BD (0x1 bytes), align: 0
  Segment part 7. ROOT.       Intra module refs:   crcCalc
           ENTRY                   ADDRESS         REF BY
           =====                   =======         ======
           RNDH                    000000BD 
    -------------------------------------------------------------------------
SFR_AN
  Relative segment, address: DATA 000000BE - 000000BE (0x1 bytes), align: 0
  Segment part 8. ROOT.       Intra module refs:   crcCheck
                                                   main
           ENTRY                   ADDRESS         REF BY
           =====                   =======         ======
           SLEEPCMD                000000BE 
    -------------------------------------------------------------------------
SFR_AN
  Relative segment, address: DATA 000000C6 - 000000C6 (0x1 bytes), align: 0
  Segment part 9. ROOT.       Intra module refs:   crcCheck
           ENTRY                   ADDRESS         REF BY
           =====                   =======         ======
           CLKCONCMD               000000C6 
    -------------------------------------------------------------------------
SFR_AN
  Relative segment, address: DATA 000000C9 - 000000C9 (0x1 bytes), align: 0
  Segment part 10. ROOT.      Intra module refs:   crcCheck
                                                   main
           ENTRY                   ADDRESS         REF BY
           =====                   =======         ======
           WDCTL                   000000C9 
    -------------------------------------------------------------------------
SFR_AN
  Relative segment, address: DATA 000000D4 - 000000D4 (0x1 bytes), align: 0
  Segment part 11. ROOT.      Intra module refs:   crcCheck
           ENTRY                   ADDRESS         REF BY
           =====                   =======         ======
           DMA0CFGL                000000D4 
    -------------------------------------------------------------------------
SFR_AN
  Relative segment, address: DATA 000000D5 - 000000D5 (0x1 bytes), align: 0
  Segment part 12. ROOT.      Intra module refs:   crcCheck
           ENTRY                   ADDRESS         REF BY
           =====                   =======         ======
           DMA0CFGH                000000D5 
    -------------------------------------------------------------------------
<XDATA_N> 1 (was XDATA_N)
  Relative segment, address: XDATA 00000980 - 00000987 (0x8 bytes), align: 0
  Segment part 19.            Intra module refs:   crcCheck
           ENTRY                   ADDRESS         REF BY
           =====                   =======         ======
           dmaCh0                  00000980        HalFlashWrite (hal_flash)
    -------------------------------------------------------------------------
<XDATA_N> 1 (was XDATA_N)
  Relative segment, address: XDATA 00000180 - 0000097F (0x800 bytes), align: 0
  Segment part 20.            Intra module refs:   crcCalc
           ENTRY                   ADDRESS         REF BY
           =====                   =======         ======
           pgBuf                   00000180 
    -------------------------------------------------------------------------
DATA_AN
  Relative segment, address: DATA 00000009 - 00000009 (0x1 bytes), align: 0
  Segment part 13. ROOT.      Intra module refs:   main
           ENTRY                   ADDRESS         REF BY
           =====                   =======         ======
           JumpToImageAorB         00000009 
    -------------------------------------------------------------------------
ALIGNED_CODE
  Relative segment, address: CODE 00000094 - 00000098 (0x5 bytes), align: 0
  Segment part 21.            Intra module refs:   main
           ENTRY                   ADDRESS         REF BY
           =====                   =======         ======
           halSleepExec            00000094 
               XSTACK = 00000004 ( 00000000 )
    -------------------------------------------------------------------------
<CSTART,NEAR_CODE,RCODE> 1 (was NEAR_CODE)
  Relative segment, address: CODE 00000099 - 0000017F (0xe7 bytes), align: 0
  Segment part 22.            Intra module refs:   crcCheck
           LOCAL                   ADDRESS         
           =====                   =======         
           crcCalc                 00000099 
               calls direct
               XSTACK = 0000000A ( 0000000E )
    -------------------------------------------------------------------------
<CSTART,NEAR_CODE,RCODE> 1 (was NEAR_CODE)
  Relative segment, address: CODE 00000180 - 00000220 (0xa1 bytes), align: 0
  Segment part 23.            Intra module refs:   main
           LOCAL                   ADDRESS         
           =====                   =======         
           crcCheck                00000180 
               calls direct
               XSTACK = 00000004 ( 0000000C )
    -------------------------------------------------------------------------
<CSTART,NEAR_CODE,RCODE> 1 (was NEAR_CODE)
  Relative segment, address: CODE 00000221 - 00000309 (0xe9 bytes), align: 0
  Segment part 24.
           ENTRY                   ADDRESS         REF BY
           =====                   =======         ======
           main                    00000221        ?call_main (?cmain)
               calls direct
               XSTACK = 00000000 ( 00000006 )

    *************************************************************************

  FILE NAME : E:\Bluetooth\SerialCom\Projects\ble\util\BIM\cc254x\CC254xF256\Obj\hal_flash.r51
  PROGRAM MODULE, NAME : hal_flash

  SEGMENTS IN THE MODULE
  ======================
SFR_AN
  Relative segment, address: DATA 000000C7 - 000000C7 (0x1 bytes), align: 0
  Segment part 2. ROOT.       Intra module refs:   HalFlashRead
           ENTRY                   ADDRESS         REF BY
           =====                   =======         ======
           MEMCTR                  000000C7 
    -------------------------------------------------------------------------
SFR_AN
  Relative segment, address: DATA 000000D1 - 000000D1 (0x1 bytes), align: 0
  Segment part 3. ROOT.       Intra module refs:   HalFlashWrite
           ENTRY                   ADDRESS         REF BY
           =====                   =======         ======
           DMAIRQ                  000000D1 
    -------------------------------------------------------------------------
SFR_AN
  Relative segment, address: DATA 000000D6 - 000000D6 (0x1 bytes), align: 0
  Segment part 4. ROOT.       Intra module refs:   HalFlashWrite
           ENTRY                   ADDRESS         REF BY
           =====                   =======         ======
           DMAARM                  000000D6 
    -------------------------------------------------------------------------
<CSTART,NEAR_CODE,RCODE> 1 (was NEAR_CODE)
  Relative segment, address: CODE 00000452 - 000004D8 (0x87 bytes), align: 0
  Segment part 10.
           ENTRY                   ADDRESS         REF BY
           =====                   =======         ======
           HalFlashRead            00000452        crcCalc (bim_main)
                                                   main (bim_main)
               XSTACK = 00000002 ( 0000000B )
               ISTACK = 00000000 ( 00000001 )
    -------------------------------------------------------------------------
<CSTART,NEAR_CODE,RCODE> 1 (was NEAR_CODE)
  Relative segment, address: CODE 000004D9 - 0000053E (0x66 bytes), align: 0
  Segment part 11.
           ENTRY                   ADDRESS         REF BY
           =====                   =======         ======
           HalFlashWrite           000004D9        crcCheck (bim_main)
               XSTACK = 00000002 ( 00000009 )

    *************************************************************************

  FILE NAME : D:\Program Files (x86)\IAR Systems\Embedded Workbench 6.4\8051\LIB\CLIB\cl-pli-nlxd-1e16x01.r51
  LIBRARY MODULE, NAME : ?cexit

  SEGMENTS IN THE MODULE
  ======================
<CSTART,NEAR_CODE,RCODE> 1 (was CSTART)
  Relative segment, address: CODE 00000698 - 0000069C (0x5 bytes), align: 0
  Segment part 0.
           ENTRY                   ADDRESS         REF BY
           =====                   =======         ======
           exit                    00000698        ?call_main (?cmain)
           ?C_EXIT                 00000698 
           ?ROM_MONITOR_NOPS       00000698 

    -------------------------------------------------------------------------
  LIBRARY MODULE, NAME : ?cmain

  SEGMENTS IN THE MODULE
  ======================
<CSTART,NEAR_CODE,RCODE> 1 (was CSTART)
  Relative segment, address: CODE 00000663, align: 0
  Segment part 5.
           ENTRY                   ADDRESS         REF BY
           =====                   =======         ======
           ?cmain                  00000663        Segment part 13 (CSTARTUP)
               calls direct
    -------------------------------------------------------------------------
<CSTART,NEAR_CODE,RCODE> 1 (was CSTART)
  Relative segment, address: CODE 00000663 - 0000066B (0x9 bytes), align: 0
  Segment part 6.
           ENTRY                   ADDRESS         REF BY
           =====                   =======         ======
           __low_level_init_call   00000663        __low_level_init (?low_level_init)
    -------------------------------------------------------------------------
<CSTART,NEAR_CODE,RCODE> 1 (was CSTART)
  Relative segment, address: CODE 0000066C, align: 0
  Segment part 37.            Intra module refs:   __low_level_init_call
    -------------------------------------------------------------------------
<CSTART,NEAR_CODE,RCODE> 1 (was CSTART)
  Relative segment, address: CODE 0000066C - 00000671 (0x6 bytes), align: 0
  Segment part 38.            Intra module refs:   ?cmain
           ENTRY                   ADDRESS         REF BY
           =====                   =======         ======
           ?call_main              0000066C 

    -------------------------------------------------------------------------
  LIBRARY MODULE, NAME : CSTARTUP

  SEGMENTS IN THE MODULE
  ======================
REGISTERS
  Relative segment, address: DATA 00000000, align: 0
  Segment part 0.             Intra module refs:   Segment part 6
           ENTRY                   ADDRESS         REF BY
           =====                   =======         ======
           ?REGISTERS              00000000 
    -------------------------------------------------------------------------
ISTACK
  Relative segment, address: IDATA 00000040, align: 0
  Segment part 1.             Intra module refs:   Segment part 6
           ENTRY                   ADDRESS         REF BY
           =====                   =======         ======
           ?ISTACK_START           00000040 
    -------------------------------------------------------------------------
XSTACK
  Relative segment, address: XDATA 00000000, align: 0
  Segment part 3.             Intra module refs:   ?RESET_XSP
           ENTRY                   ADDRESS         REF BY
           =====                   =======         ======
           ?XSTACK_START           00000000 
    -------------------------------------------------------------------------
INTVEC
  Common segment, address: CODE 00000000 - 00000002 (0x3 bytes), align: 0
  Segment part 5. ROOT.       Intra module refs:   Segment part 6
    -------------------------------------------------------------------------
<CSTART,NEAR_CODE,RCODE> 1 (was CSTART)
  Relative segment, address: CODE 00000672 - 00000677 (0x6 bytes), align: 0
  Segment part 6. ROOT.       Intra module refs:   Segment part 5
           ENTRY                   ADDRESS         REF BY
           =====                   =======         ======
           __program_start         00000672        Absolute parts (?ABS_ENTRY_MOD)
           ?RESET_SP               00000675 
    -------------------------------------------------------------------------
<CSTART,NEAR_CODE,RCODE> 1 (was CSTART)
  Relative segment, address: CODE 00000678 - 0000067D (0x6 bytes), align: 0
  Segment part 8.
           ENTRY                   ADDRESS         REF BY
           =====                   =======         ======
           ?RESET_XSP              00000678        ?XSP (VIRTUAL_REGISTERS)
    -------------------------------------------------------------------------
<CSTART,NEAR_CODE,RCODE> 1 (was CSTART)
  Relative segment, address: CODE 0000067E - 00000680 (0x3 bytes), align: 0
  Segment part 13.            Intra module refs:   Absolute parts

    -------------------------------------------------------------------------
  LIBRARY MODULE, NAME : VIRTUAL_REGISTERS

  SEGMENTS IN THE MODULE
  ======================
BREG
  Relative segment, address: BIT 00000020.0 - 00000020.7 (0x8 bits), align: 0
  Segment part 0.
           ENTRY                   ADDRESS         REF BY
           =====                   =======         ======
           ?B0                     00000020.0      Absolute parts (CSTARTUP)
    -------------------------------------------------------------------------
VREG
  Relative segment, address: DATA 0000000A, align: 0
  Segment part 1.
           ENTRY                   ADDRESS         REF BY
           =====                   =======         ======
           ?V0                     0000000A        ?FUNC_ENTER_XDATA (?FUNC_ENTER_XDATA)
                                                   ?FUNC_LEAVE_XDATA (?FUNC_LEAVE_XDATA)
                                                   HalFlashRead (hal_flash)
                                                   HalFlashWrite (hal_flash)
                                                   crcCalc (bim_main)
                                                   crcCheck (bim_main)
                                                   main (bim_main)
    -------------------------------------------------------------------------
XSP
  Relative segment, address: DATA 0000001A - 0000001B (0x2 bytes), align: 0
  Segment part 3.
           ENTRY                   ADDRESS         REF BY
           =====                   =======         ======
           ?XSP                    0000001A        ?ADD_XSTACK_DISP0_8 (?ADD_XSTACK_DISP8)
                                                   ?ALLOC_XSTACK8 (?ALLOC_XSTACK8)
                                                   ?DEALLOC_XSTACK8 (?DEALLOC_XSTACK8)
                                                   ?FUNC_ENTER_XDATA (?FUNC_ENTER_XDATA)
                                                   ?FUNC_LEAVE_XDATA (?FUNC_LEAVE_XDATA)
                                                   ?RESET_XSP (CSTARTUP)
                                                   ?XSTACK_DISP0_8 (?XSTACK_DISP8)
                                                   main (bim_main)

    -------------------------------------------------------------------------
  LIBRARY MODULE, NAME : ?MOVE_LONG8_XDATA_IDATA

  SEGMENTS IN THE MODULE
  ======================
<CSTART,NEAR_CODE,RCODE> 1 (was RCODE)
  Relative segment, address: CODE 00000681 - 0000068D (0xd bytes), align: 0
  Segment part 0.
           ENTRY                   ADDRESS         REF BY
           =====                   =======         ======
           ?MOVE_LONG8_XDATA_IDATA
                                   00000681        ?PUSH_XSTACK_I (?PUSH_XSTACK_I)

    -------------------------------------------------------------------------
  LIBRARY MODULE, NAME : ?US_SHR

  SEGMENTS IN THE MODULE
  ======================
<CSTART,NEAR_CODE,RCODE> 1 (was RCODE)
  Relative segment, address: CODE 00000654 - 00000656 (0x3 bytes), align: 0
  Segment part 1.             Intra module refs:   Segment part 2
           ENTRY                   ADDRESS         REF BY
           =====                   =======         ======
           ?US_SHR                 00000654        HalFlashWrite (hal_flash)
                                                   crcCalc (bim_main)
    -------------------------------------------------------------------------
<CSTART,NEAR_CODE,RCODE> 1 (was RCODE)
  Relative segment, address: CODE 00000657 - 00000662 (0xc bytes), align: 0
  Segment part 2.             Intra module refs:   ?US_SHR

    -------------------------------------------------------------------------
  LIBRARY MODULE, NAME : ?S_SHL

  SEGMENTS IN THE MODULE
  ======================
<CSTART,NEAR_CODE,RCODE> 1 (was RCODE)
  Relative segment, address: CODE 00000630 - 00000632 (0x3 bytes), align: 0
  Segment part 0.
           ENTRY                   ADDRESS         REF BY
           =====                   =======         ======
           ?S_SHL                  00000630        HalFlashRead (hal_flash)
                                                   crcCalc (bim_main)
                                                   crcCheck (bim_main)
    -------------------------------------------------------------------------
<CSTART,NEAR_CODE,RCODE> 1 (was RCODE)
  Relative segment, address: CODE 00000633 - 00000635 (0x3 bytes), align: 0
  Segment part 1.             Intra module refs:   Segment part 2
           ENTRY                   ADDRESS         REF BY
           =====                   =======         ======
           ?S_SHL_REW              00000633 
    -------------------------------------------------------------------------
<CSTART,NEAR_CODE,RCODE> 1 (was RCODE)
  Relative segment, address: CODE 00000636 - 00000642 (0xd bytes), align: 0
  Segment part 2.             Intra module refs:   ?S_SHL
                                                   ?S_SHL_REW

    -------------------------------------------------------------------------
  LIBRARY MODULE, NAME : ?ALLOC_XSTACK8

  SEGMENTS IN THE MODULE
  ======================
<CSTART,NEAR_CODE,RCODE> 1 (was RCODE)
  Relative segment, address: CODE 0000061A - 0000062F (0x16 bytes), align: 0
  Segment part 0.
           ENTRY                   ADDRESS         REF BY
           =====                   =======         ======
           ?ALLOC_XSTACK8          0000061A        main (bim_main)

    -------------------------------------------------------------------------
  LIBRARY MODULE, NAME : ?DEALLOC_XSTACK8

  SEGMENTS IN THE MODULE
  ======================
<CSTART,NEAR_CODE,RCODE> 1 (was RCODE)
  Relative segment, address: CODE 00000600 - 00000619 (0x1a bytes), align: 0
  Segment part 0.
           ENTRY                   ADDRESS         REF BY
           =====                   =======         ======
           ?DEALLOC_XSTACK8        00000600        crcCalc (bim_main)
                                                   crcCheck (bim_main)
                                                   main (bim_main)

    -------------------------------------------------------------------------
  LIBRARY MODULE, NAME : ?ADD_XSTACK_DISP8

  SEGMENTS IN THE MODULE
  ======================
<CSTART,NEAR_CODE,RCODE> 1 (was RCODE)
  Relative segment, address: CODE 000005E5 - 000005FF (0x1b bytes), align: 0
  Segment part 1.
           ENTRY                   ADDRESS         REF BY
           =====                   =======         ======
           ?ADD_XSTACK_DISP0_8     000005E5        ?PUSH_XSTACK_I (?PUSH_XSTACK_I)

    -------------------------------------------------------------------------
  LIBRARY MODULE, NAME : ?XSTACK_DISP8

  SEGMENTS IN THE MODULE
  ======================
<CSTART,NEAR_CODE,RCODE> 1 (was RCODE)
  Relative segment, address: CODE 0000068E - 00000697 (0xa bytes), align: 0
  Segment part 1.
           ENTRY                   ADDRESS         REF BY
           =====                   =======         ======
           ?XSTACK_DISP0_8         0000068E        HalFlashRead (hal_flash)
                                                   HalFlashWrite (hal_flash)
                                                   main (bim_main)

    -------------------------------------------------------------------------
  LIBRARY MODULE, NAME : ?FUNC_ENTER_XDATA

  SEGMENTS IN THE MODULE
  ======================
<CSTART,NEAR_CODE,RCODE> 1 (was RCODE)
  Relative segment, address: CODE 0000053F - 000005A4 (0x66 bytes), align: 0
  Segment part 1.
           ENTRY                   ADDRESS         REF BY
           =====                   =======         ======
           ?FUNC_ENTER_XDATA       0000053F        HalFlashRead (hal_flash)
                                                   HalFlashWrite (hal_flash)
                                                   crcCalc (bim_main)
                                                   crcCheck (bim_main)

    -------------------------------------------------------------------------
  LIBRARY MODULE, NAME : ?FUNC_LEAVE_XDATA

  SEGMENTS IN THE MODULE
  ======================
<CSTART,NEAR_CODE,RCODE> 1 (was RCODE)
  Relative segment, address: CODE 000005A5 - 000005E4 (0x40 bytes), align: 0
  Segment part 1.
           ENTRY                   ADDRESS         REF BY
           =====                   =======         ======
           ?FUNC_LEAVE_XDATA       000005A5        HalFlashRead (hal_flash)
                                                   HalFlashWrite (hal_flash)
                                                   crcCalc (bim_main)
                                                   crcCheck (bim_main)

    -------------------------------------------------------------------------
  LIBRARY MODULE, NAME : ?PUSH_XSTACK_I

  SEGMENTS IN THE MODULE
  ======================
<CSTART,NEAR_CODE,RCODE> 1 (was RCODE)
  Relative segment, address: CODE 00000643 - 00000646 (0x4 bytes), align: 0
  Segment part 2.
           ENTRY                   ADDRESS         REF BY
           =====                   =======         ======
           ?PUSH_XSTACK_I_TWO      00000643        crcCalc (bim_main)
                                                   crcCheck (bim_main)
                                                   main (bim_main)
    -------------------------------------------------------------------------
<CSTART,NEAR_CODE,RCODE> 1 (was RCODE)
  Relative segment, address: CODE 00000647 - 00000653 (0xd bytes), align: 0
  Segment part 4.             Intra module refs:   ?PUSH_XSTACK_I_TWO
           ENTRY                   ADDRESS         REF BY
           =====                   =======         ======
           ?PUSH_XSTACK_I          00000647 

    -------------------------------------------------------------------------
  LIBRARY MODULE, NAME : ?low_level_init

  SEGMENTS IN THE MODULE
  ======================
<CSTART,NEAR_CODE,RCODE> 1 (was CSTART)
  Relative segment, address: CODE 0000069D - 0000069F (0x3 bytes), align: 0
  Segment part 6. ROOT.
           ENTRY                   ADDRESS         REF BY
           =====                   =======         ======
           __low_level_init        0000069D        __low_level_init_call (?cmain)

    *************************************************************************

  DEFINED ABSOLUTE ENTRIES
  PROGRAM MODULE, NAME : ?FILLER_BYTES

  SEGMENTS IN THE MODULE
  ======================
INTVEC
  Common segment, address: CODE 00000000 - 00000090 (0x91 bytes), align: 0
  Segment part 2.
    -------------------------------------------------------------------------
?FILL2
  Relative segment, address: CODE 000006A0 - 000007FF (0x160 bytes), align: 0
  Segment part 1.
    -------------------------------------------------------------------------
?FILL1
  Relative segment, address: CODE 00000091 - 00000093 (0x3 bytes), align: 0
  Segment part 0.




                ****************************************
                *                                      *
                *            MODULE SUMMARY            *
                *                                      *
                ****************************************

Module                    CODE      DATA      XDATA  IDATA    BIT
------                    ----      ----      -----  -----    ---
                         (Rel)  (Rel)  (Abs)  (Rel)  (Rel)  (Rel)
?ADD_XSTACK_DISP8           27
?ALLOC_XSTACK8              22
?DEALLOC_XSTACK8            26
?FILLER_BYTES              355
  + common                 145
?FUNC_ENTER_XDATA          102
?FUNC_LEAVE_XDATA           64
?MOVE_LONG8_XDATA_IDATA     13
?PUSH_XSTACK_I              17
?S_SHL                      19
?US_SHR                     15
?XSTACK_DISP8               10
?cexit                       5
?cmain                      15
?low_level_init              3
CSTARTUP                    15
  + common                   3
VIRTUAL_REGISTERS                   2                           8
bim_ivec                   328
  + common                 145
bim_main                   630            12  2 056
  + shared                                 1
hal_flash                  237             3
N/A (command line)                 24           384    192
N/A (alignment)
----------               -----     --     --  -----    ---      -
Total:                   1 903     26     16  2 440    192      8
  + common                 145


                ****************************************
                *                                      *
                *      SEGMENTS IN ADDRESS ORDER       *
                *                                      *
                ****************************************


SEGMENT              SPACE    START ADDRESS   END ADDRESS     SIZE  TYPE  ALIGN
=======              =====    =============   ===========     ====  ====  =====
INTVEC               CODE          00000000 - 00000090          91   com    0
?FILL1               CODE          00000091 - 00000093           3   rel    0
ALIGNED_CODE         CODE          00000094 - 00000098           5   rel    2
<CSTART,NEAR_CODE,RCODE> 1
                     CODE          00000099 - 0000069F         607   rel    0
?FILL2               CODE          000006A0 - 000007FF         160   rel    0
REGISTERS            DATA          00000000 - 00000007           8   rel    0
DATA_AN              DATA          00000009 - 00000009           1   rel    0
VREG                 DATA          0000000A - 00000019          10   rel    0
PSP                  DATA               0000001A                     dse    0
XSP                  DATA          0000001A - 0000001B           2   rel    0
BREG                 BIT        00000020.0  -  00000020.7        8   rel    0
SFR_AN               DATA          00000087 - 00000087           1   rel    0
                     DATA          0000009D - 0000009E           2 
                     DATA          000000A8 - 000000A8           1 
                     DATA          000000B4 - 000000B4           1 
                     DATA          000000BC - 000000BE           3 
                     DATA          000000C6 - 000000C7           2 
                     DATA          000000C9 - 000000C9           1 
                     DATA          000000D1 - 000000D1           1 
                     DATA          000000D4 - 000000D6           3 
XSTACK               XDATA         00000000 - 0000017F         180   rel    0
<XDATA_N> 1          XDATA         00000180 - 00000987         808   rel    0
ISTACK               IDATA         00000040 - 000000FF          C0   rel    0

                ****************************************
                *                                      *
                *        END OF CROSS REFERENCE        *
                *                                      *
                ****************************************

 1 693 bytes of CODE  memory (+             355 range fill )
    26 bytes of DATA  memory (+ 16 absolute )
 2 440 bytes of XDATA memory
   192 bytes of IDATA memory
     8 bits  of BIT   memory

Errors: none
Warnings: none

